c:\users\roberto narvaez\documents\maestría\gc_final\igprojects_x64_vs2022\ig1app\x64\debug\vc143.pdb
c:\users\roberto narvaez\documents\maestría\gc_final\igprojects_x64_vs2022\ig1app\x64\debug\vc143.idb
c:\users\roberto narvaez\documents\maestría\gc_final\igprojects_x64_vs2022\ig1app\x64\debug\glad.obj
c:\users\roberto narvaez\documents\maestría\gc_final\igprojects_x64_vs2022\ig1app\x64\debug\cone.obj
c:\users\roberto narvaez\documents\maestría\gc_final\igprojects_x64_vs2022\ig1app\x64\debug\regularpolygon.obj
c:\users\roberto narvaez\documents\maestría\gc_final\igprojects_x64_vs2022\ig1app\x64\debug\scene10.obj
c:\users\roberto narvaez\documents\maestría\gc_final\igprojects_x64_vs2022\ig1app\x64\debug\image.obj
c:\users\roberto narvaez\documents\maestría\gc_final\igprojects_x64_vs2022\ig1app\x64\debug\disk.obj
c:\users\roberto narvaez\documents\maestría\gc_final\igprojects_x64_vs2022\ig1app\x64\debug\lowpolydisk.obj
c:\users\roberto narvaez\documents\maestría\gc_final\igprojects_x64_vs2022\ig1app\x64\debug\scene1.obj
c:\users\roberto narvaez\documents\maestría\gc_final\igprojects_x64_vs2022\ig1app\x64\debug\mesh.obj
c:\users\roberto narvaez\documents\maestría\gc_final\igprojects_x64_vs2022\ig1app\x64\debug\colormaterialentity.obj
c:\users\roberto narvaez\documents\maestría\gc_final\igprojects_x64_vs2022\ig1app\x64\debug\rgbrectangle.obj
c:\users\roberto narvaez\documents\maestría\gc_final\igprojects_x64_vs2022\ig1app\x64\debug\entitywithtexture.obj
c:\users\roberto narvaez\documents\maestría\gc_final\igprojects_x64_vs2022\ig1app\x64\debug\lantern.obj
c:\users\roberto narvaez\documents\maestría\gc_final\igprojects_x64_vs2022\ig1app\x64\debug\entity.obj
c:\users\roberto narvaez\documents\maestría\gc_final\igprojects_x64_vs2022\ig1app\x64\debug\material.obj
c:\users\roberto narvaez\documents\maestría\gc_final\igprojects_x64_vs2022\ig1app\x64\debug\glassparapet.obj
c:\users\roberto narvaez\documents\maestría\gc_final\igprojects_x64_vs2022\ig1app\x64\debug\lowpolybox.obj
c:\users\roberto narvaez\documents\maestría\gc_final\igprojects_x64_vs2022\ig1app\x64\debug\watermill.obj
c:\users\roberto narvaez\documents\maestría\gc_final\igprojects_x64_vs2022\ig1app\x64\debug\main.obj
c:\users\roberto narvaez\documents\maestría\gc_final\igprojects_x64_vs2022\ig1app\x64\debug\cube.obj
c:\users\roberto narvaez\documents\maestría\gc_final\igprojects_x64_vs2022\ig1app\x64\debug\lowpolyentity.obj
c:\users\roberto narvaez\documents\maestría\gc_final\igprojects_x64_vs2022\ig1app\x64\debug\scene3.obj
c:\users\roberto narvaez\documents\maestría\gc_final\igprojects_x64_vs2022\ig1app\x64\debug\texturemanager.obj
c:\users\roberto narvaez\documents\maestría\gc_final\igprojects_x64_vs2022\ig1app\x64\debug\grass.obj
c:\users\roberto narvaez\documents\maestría\gc_final\igprojects_x64_vs2022\ig1app\x64\debug\singlecolorentity.obj
c:\users\roberto narvaez\documents\maestría\gc_final\igprojects_x64_vs2022\ig1app\x64\debug\scene5.obj
c:\users\roberto narvaez\documents\maestría\gc_final\igprojects_x64_vs2022\ig1app\x64\debug\shader.obj
c:\users\roberto narvaez\documents\maestría\gc_final\igprojects_x64_vs2022\ig1app\x64\debug\droid.obj
c:\users\roberto narvaez\documents\maestría\gc_final\igprojects_x64_vs2022\ig1app\x64\debug\sphere.obj
c:\users\roberto narvaez\documents\maestría\gc_final\igprojects_x64_vs2022\ig1app\x64\debug\scene9.obj
c:\users\roberto narvaez\documents\maestría\gc_final\igprojects_x64_vs2022\ig1app\x64\debug\custommeshes.obj
c:\users\roberto narvaez\documents\maestría\gc_final\igprojects_x64_vs2022\ig1app\x64\debug\ground.obj
c:\users\roberto narvaez\documents\maestría\gc_final\igprojects_x64_vs2022\ig1app\x64\debug\spherewithtexture.obj
c:\users\roberto narvaez\documents\maestría\gc_final\igprojects_x64_vs2022\ig1app\x64\debug\indexmesh.obj
c:\users\roberto narvaez\documents\maestría\gc_final\igprojects_x64_vs2022\ig1app\x64\debug\boxoutline.obj
c:\users\roberto narvaez\documents\maestría\gc_final\igprojects_x64_vs2022\ig1app\x64\debug\indexedbox.obj
c:\users\roberto narvaez\documents\maestría\gc_final\igprojects_x64_vs2022\ig1app\x64\debug\star3d.obj
c:\users\roberto narvaez\documents\maestría\gc_final\igprojects_x64_vs2022\ig1app\x64\debug\light.obj
c:\users\roberto narvaez\documents\maestría\gc_final\igprojects_x64_vs2022\ig1app\x64\debug\barrel.obj
c:\users\roberto narvaez\documents\maestría\gc_final\igprojects_x64_vs2022\ig1app\x64\debug\rgbtriangle.obj
c:\users\roberto narvaez\documents\maestría\gc_final\igprojects_x64_vs2022\ig1app\x64\debug\scene6.obj
c:\users\roberto narvaez\documents\maestría\gc_final\igprojects_x64_vs2022\ig1app\x64\debug\texture.obj
c:\users\roberto narvaez\documents\maestría\gc_final\igprojects_x64_vs2022\ig1app\x64\debug\entitywithmaterial.obj
c:\users\roberto narvaez\documents\maestría\gc_final\igprojects_x64_vs2022\ig1app\x64\debug\lowpolycone.obj
c:\users\roberto narvaez\documents\maestría\gc_final\igprojects_x64_vs2022\ig1app\x64\debug\torus.obj
c:\users\roberto narvaez\documents\maestría\gc_final\igprojects_x64_vs2022\ig1app\x64\debug\ig1app.obj
c:\users\roberto narvaez\documents\maestría\gc_final\igprojects_x64_vs2022\ig1app\x64\debug\camera.obj
c:\users\roberto narvaez\documents\maestría\gc_final\igprojects_x64_vs2022\ig1app\x64\debug\snowman.obj
c:\users\roberto narvaez\documents\maestría\gc_final\igprojects_x64_vs2022\ig1app\x64\debug\scene8.obj
c:\users\roberto narvaez\documents\maestría\gc_final\igprojects_x64_vs2022\ig1app\x64\debug\bench.obj
c:\users\roberto narvaez\documents\maestría\gc_final\igprojects_x64_vs2022\ig1app\x64\debug\photo.obj
c:\users\roberto narvaez\documents\maestría\gc_final\igprojects_x64_vs2022\ig1app\x64\debug\scene2.obj
c:\users\roberto narvaez\documents\maestría\gc_final\igprojects_x64_vs2022\ig1app\x64\debug\scene.obj
c:\users\roberto narvaez\documents\maestría\gc_final\igprojects_x64_vs2022\ig1app\x64\debug\box.obj
c:\users\roberto narvaez\documents\maestría\gc_final\igprojects_x64_vs2022\ig1app\x64\debug\skybox.obj
c:\users\roberto narvaez\documents\maestría\gc_final\igprojects_x64_vs2022\ig1app\x64\debug\scene7.obj
c:\users\roberto narvaez\documents\maestría\gc_final\igprojects_x64_vs2022\ig1app\x64\debug\viewport.obj
c:\users\roberto narvaez\documents\maestría\gc_final\igprojects_x64_vs2022\ig1app\x64\debug\compoundentity.obj
c:\users\roberto narvaez\documents\maestría\gc_final\igprojects_x64_vs2022\ig1app\x64\debug\rgbcube.obj
c:\users\roberto narvaez\documents\maestría\gc_final\igprojects_x64_vs2022\ig1app\x64\debug\scene4.obj
c:\users\roberto narvaez\documents\maestría\gc_final\igprojects_x64_vs2022\ig1app\x64\debug\waterentity.obj
c:\users\roberto narvaez\documents\maestría\gc_final\igprojects_x64_vs2022\ig1app\x64\debug\scenefinal.obj
c:\users\roberto narvaez\documents\maestría\gc_final\igprojects_x64_vs2022\ig1app\x64\debug\lowpolysphere.obj
c:\users\roberto narvaez\documents\maestría\gc_final\igprojects_x64_vs2022\bin\ig1appdebug.exe
c:\users\roberto narvaez\documents\maestría\gc_final\igprojects_x64_vs2022\bin\ig1appdebug.pdb
c:\users\roberto narvaez\documents\maestría\gc_final\igprojects_x64_vs2022\ig1app\x64\debug\ig1appdebug.ilk
c:\users\roberto narvaez\documents\maestría\gc_final\igprojects_x64_vs2022\ig1app\x64\debug\ig1app.tlog\cl.command.1.tlog
c:\users\roberto narvaez\documents\maestría\gc_final\igprojects_x64_vs2022\ig1app\x64\debug\ig1app.tlog\cl.items.tlog
c:\users\roberto narvaez\documents\maestría\gc_final\igprojects_x64_vs2022\ig1app\x64\debug\ig1app.tlog\cl.read.1.tlog
c:\users\roberto narvaez\documents\maestría\gc_final\igprojects_x64_vs2022\ig1app\x64\debug\ig1app.tlog\cl.write.1.tlog
c:\users\roberto narvaez\documents\maestría\gc_final\igprojects_x64_vs2022\ig1app\x64\debug\ig1app.tlog\link.command.1.tlog
c:\users\roberto narvaez\documents\maestría\gc_final\igprojects_x64_vs2022\ig1app\x64\debug\ig1app.tlog\link.read.1.tlog
c:\users\roberto narvaez\documents\maestría\gc_final\igprojects_x64_vs2022\ig1app\x64\debug\ig1app.tlog\link.secondary.1.tlog
c:\users\roberto narvaez\documents\maestría\gc_final\igprojects_x64_vs2022\ig1app\x64\debug\ig1app.tlog\link.write.1.tlog
